============================== Mace4 =================================
Mace4 (64) version 2009-11A, November 2009.
Process 4062 was started by cchui on crmb.local,
Mon May 30 16:05:12 2016
The command was "./provers/p9m4/mace4 -v0 -t300 -s60 -n2 -N40 -f /Users/cchui/Downloads/macleod-master/test/conversions/rcc_basic.p9".
============================== end of head ===========================

============================== INPUT =================================

% Reading from file /Users/cchui/Downloads/macleod-master/test/conversions/rcc_basic.p9


formulas(sos).
(all x12 all x11 (p(x12,x11) <-> (all x13 (c(x13,x12) -> c(x13,x11))))).
(all x22 all x21 (pp(x22,x21) <-> p(x22,x21) & -p(x21,x22))).
(all x32 all x31 (o(x32,x31) <-> (exists x33 (p(x33,x32) & p(x33,x31))))).
(all x42 all x41 (ec(x42,x41) <-> c(x42,x41) & -o(x42,x41))).
(all x52 all x51 (ntpp(x52,x51) <-> pp(x52,x51) & -(exists x53 (ec(x53,x52) & ec(x53,x51))))).
(all x61 c(x61,x61)).
(all x72 all x71 (c(x72,x71) -> c(x71,x72))).
(all x81 c(x81,uni)).
(all x92 all x91 (x91 != Uni -> (o(x92,compl(x91)) <-> -p(x92,x91)))).
(all x102 all x101 all x103 (c(x102,sum(x101,x103)) <-> c(x102,x101) | c(x102,x103))).
(all x112 all x111 all x113 (o(x111,x113) -> (c(x112,prod(x111,x113)) <-> (exists x114 (p(x114,x111) & p(x114,x113) & c(x112,x114)))))).
end_of_list.

% From the command line: clear(verbose).

% From the command line: assign(max_seconds, 300).

% From the command line: assign(max_seconds_per, 60).
    % assign(domain_size, 2) -> assign(start_size, 2).
    % assign(domain_size, 2) -> assign(end_size, 2).

% From the command line: assign(domain_size, 2).

% From the command line: assign(end_size, 40).

============================== end of input ==========================

============================== PROCESS NON-CLAUSAL FORMULAS ==========

% Formulas that are not ordinary clauses:
1 (all x12 all x11 (p(x12,x11) <-> (all x13 (c(x13,x12) -> c(x13,x11))))) # label(non_clause).  [assumption].
2 (all x22 all x21 (pp(x22,x21) <-> p(x22,x21) & -p(x21,x22))) # label(non_clause).  [assumption].
3 (all x32 all x31 (o(x32,x31) <-> (exists x33 (p(x33,x32) & p(x33,x31))))) # label(non_clause).  [assumption].
4 (all x42 all x41 (ec(x42,x41) <-> c(x42,x41) & -o(x42,x41))) # label(non_clause).  [assumption].
5 (all x52 all x51 (ntpp(x52,x51) <-> pp(x52,x51) & -(exists x53 (ec(x53,x52) & ec(x53,x51))))) # label(non_clause).  [assumption].
6 (all x61 c(x61,x61)) # label(non_clause).  [assumption].
7 (all x72 all x71 (c(x72,x71) -> c(x71,x72))) # label(non_clause).  [assumption].
8 (all x81 c(x81,uni)) # label(non_clause).  [assumption].
9 (all x92 all x91 (x91 != Uni -> (o(x92,compl(x91)) <-> -p(x92,x91)))) # label(non_clause).  [assumption].
10 (all x102 all x101 all x103 (c(x102,sum(x101,x103)) <-> c(x102,x101) | c(x102,x103))) # label(non_clause).  [assumption].
11 (all x112 all x111 all x113 (o(x111,x113) -> (c(x112,prod(x111,x113)) <-> (exists x114 (p(x114,x111) & p(x114,x113) & c(x112,x114)))))) # label(non_clause).  [assumption].

============================== end of process non-clausal formulas ===

============================== CLAUSES FOR SEARCH ====================

formulas(mace4_clauses).
-p(x,y) | -c(z,x) | c(z,y).
p(x,y) | c(f1(x,y),x).
p(x,y) | -c(f1(x,y),y).
-pp(x,y) | p(x,y).
-pp(x,y) | -p(y,x).
pp(x,y) | -p(x,y) | p(y,x).
-o(x,y) | p(f2(x,y),x).
-o(x,y) | p(f2(x,y),y).
o(x,y) | -p(z,x) | -p(z,y).
-ec(x,y) | c(x,y).
-ec(x,y) | -o(x,y).
ec(x,y) | -c(x,y) | o(x,y).
-ntpp(x,y) | pp(x,y).
-ntpp(x,y) | -ec(z,x) | -ec(z,y).
ntpp(x,y) | -pp(x,y) | ec(f3(x,y),x).
ntpp(x,y) | -pp(x,y) | ec(f3(x,y),y).
c(x,x).
-c(x,y) | c(y,x).
c(x,y).
Uni = x | -o(y,compl(x)) | -p(y,x).
Uni = x | o(y,compl(x)) | p(y,x).
-c(x,sum(y,z)) | c(x,y) | c(x,z).
c(x,sum(y,z)) | -c(x,y).
c(x,sum(y,z)) | -c(x,z).
-o(x,y) | -c(z,prod(x,y)) | p(f4(z,x,y),x).
-o(x,y) | -c(z,prod(x,y)) | p(f4(z,x,y),y).
-o(x,y) | -c(z,prod(x,y)) | c(z,f4(z,x,y)).
-o(x,y) | c(z,prod(x,y)) | -p(u,x) | -p(u,y) | -c(z,u).
end_of_list.

============================== end of clauses for search =============

% There are no natural numbers in the input.

============================== DOMAIN SIZE 2 =========================

=== Mace4 starting on domain size 2. ===

============================== STATISTICS ============================

For domain size 2.

Current CPU time: 0.00 seconds (total CPU time: 0.03 seconds).
Ground clauses: seen=158, kept=145.
Selections=16512, assignments=33023, propagations=66148, current_models=0.
Rewrite_terms=109752, rewrite_bools=194088, indexes=888.
Rules_from_neg_clauses=128, cross_offs=128.

============================== end of statistics =====================

============================== DOMAIN SIZE 3 =========================

=== Mace4 starting on domain size 3. ===

============================== STATISTICS ============================

For domain size 3.

Current CPU time: 0.00 seconds (total CPU time: 29.19 seconds).
Ground clauses: seen=480, kept=444.
Selections=2393129, assignments=7179378, propagations=45728806, current_models=0.
Rewrite_terms=24954306, rewrite_bools=374562333, indexes=18569.
Rules_from_neg_clauses=2393672, cross_offs=4787344.

============================== end of statistics =====================

============================== DOMAIN SIZE 4 =========================

=== Mace4 starting on domain size 4. ===

====== Domain size 4 terminated by max_seconds_per. ======

============================== STATISTICS ============================

For domain size 4.

Current CPU time: 0.00 seconds (total CPU time: 89.19 seconds).
Ground clauses: seen=1108, kept=1030.
Selections=1996787, assignments=7982993, propagations=68732137, current_models=0.
Rewrite_terms=28564654, rewrite_bools=834243243, indexes=4028.
Rules_from_neg_clauses=3985310, cross_offs=11955930.

============================== end of statistics =====================

============================== DOMAIN SIZE 5 =========================

=== Mace4 starting on domain size 5. ===

====== Domain size 5 terminated by max_seconds_per. ======

============================== STATISTICS ============================

For domain size 5.

Current CPU time: 0.00 seconds (total CPU time: 149.19 seconds).
Ground clauses: seen=2180, kept=2035.
Selections=1116286, assignments=5507744, propagations=54192138, current_models=0.
Rewrite_terms=20243360, rewrite_bools=896138891, indexes=1273.
Rules_from_neg_clauses=3247919, cross_offs=12991676.

============================== end of statistics =====================

============================== DOMAIN SIZE 6 =========================

=== Mace4 starting on domain size 6. ===

====== Domain size 6 terminated by max_seconds_per. ======

============================== STATISTICS ============================

For domain size 6.

Current CPU time: 0.00 seconds (total CPU time: 209.19 seconds).
Ground clauses: seen=3858, kept=3615.
Selections=729836, assignments=4107162, propagations=43532815, current_models=0.
Rewrite_terms=15726130, rewrite_bools=935065392, indexes=819.
Rules_from_neg_clauses=2641683, cross_offs=13208415.

============================== end of statistics =====================

============================== DOMAIN SIZE 7 =========================

=== Mace4 starting on domain size 7. ===

====== Domain size 7 terminated by max_seconds_per. ======

============================== STATISTICS ============================

For domain size 7.

Current CPU time: 0.00 seconds (total CPU time: 269.19 seconds).
Ground clauses: seen=6328, kept=5950.
Selections=564997, assignments=3354733, propagations=35168933, current_models=0.
Rewrite_terms=13698649, rewrite_bools=951636790, indexes=712.
Rules_from_neg_clauses=2111425, cross_offs=12668550.

============================== end of statistics =====================

============================== DOMAIN SIZE 8 =========================

=== Mace4 starting on domain size 8. ===

============================== STATISTICS ============================

For domain size 8.

Current CPU time: 0.00 seconds (total CPU time: 300.01 seconds).
Ground clauses: seen=9800, kept=9244.
Selections=239831, assignments=1401823, propagations=14912212, current_models=0.
Rewrite_terms=6288815, rewrite_bools=506898922, indexes=471.
Rules_from_neg_clauses=921408, cross_offs=6449856.

============================== end of statistics =====================

------ process 4062 exit (max_sec_no) ------

User_CPU=300.01, System_CPU=2.37, Wall_clock=302.

Exiting with failure.

Process 4062 exit (max_sec_no) Mon May 30 16:10:14 2016
The process finished Mon May 30 16:10:14 2016
============================= ./provers/p9m4/mace4 ================================
execution finished: Mon May 30 16:10:15 2016
total CPU time used: 300
The command was "./provers/p9m4/mace4 -v0 -t300 -s60 -n2 -N40 -f /Users/cchui/Downloads/macleod-master/test/conversions/rcc_basic.p9"
Input read from 
============================ end of footer ===========================
